// Jest Snapshot v1, https://goo.gl/fbAQLP

exports[`<CenterModal /> should render without error 1`] = `<div />`;
