// Jest Snapshot v1, https://goo.gl/fbAQLP

exports[`<Button /> should render Button component 1`] = `
<button
  class="sc-bdVaJa eCdspm"
  kind="primary"
  type="button"
>
  Primary
</button>
`;
