// Jest Snapshot v1, https://goo.gl/fbAQLP

exports[`<EducationRecap /> should render without error 1`] = `
<div>
  <div
    class="bg-white shadow-md rounded px-8 py-6 p-4 flex extra-recap-class"
    data-testid="educationRecapTestId"
  >
    <div
      class="flex justify-center items-center p-2 rounded-lg bg-gray-200 recap-icon mr-4"
    >
      <div
        class="font-sans text-3xl text-teal-400"
        id=""
      >
        <svg
          aria-hidden="true"
          class="svg-inline--fa fa-graduation-cap fa-w-20 "
          data-icon="graduation-cap"
          data-prefix="fas"
          focusable="false"
          role="img"
          viewBox="0 0 640 512"
          xmlns="http://www.w3.org/2000/svg"
        >
          <path
            d="M622.34 153.2L343.4 67.5c-15.2-4.67-31.6-4.67-46.79 0L17.66 153.2c-23.54 7.23-23.54 38.36 0 45.59l48.63 14.94c-10.67 13.19-17.23 29.28-17.88 46.9C38.78 266.15 32 276.11 32 288c0 10.78 5.68 19.85 13.86 25.65L20.33 428.53C18.11 438.52 25.71 448 35.94 448h56.11c10.24 0 17.84-9.48 15.62-19.47L82.14 313.65C90.32 307.85 96 298.78 96 288c0-11.57-6.47-21.25-15.66-26.87.76-15.02 8.44-28.3 20.69-36.72L296.6 284.5c9.06 2.78 26.44 6.25 46.79 0l278.95-85.7c23.55-7.24 23.55-38.36 0-45.6zM352.79 315.09c-28.53 8.76-52.84 3.92-65.59 0l-145.02-44.55L128 384c0 35.35 85.96 64 192 64s192-28.65 192-64l-14.18-113.47-145.03 44.56z"
            fill="currentColor"
          />
        </svg>
      </div>
    </div>
    <div
      class="flex-auto"
    >
      <h4
        class="font-mono font-bold text-gray-800 text-xl "
      >
        University of California, Los Angeles
      </h4>
      <p
        class="font-sans text-gray-800 text-base "
      >
        Los Angeles, CA
      </p>
      <p
        class="font-sans text-gray-800 text-base "
      >
        Bachelor of Science, 
        Computer Science
      </p>
      <p
        class="font-sans text-gray-800 text-base italic text-gray-600"
      >
        2013
         - 
        2017
        <br />
        Alumnus
      </p>
      <ul
        class="mt-3"
      >
        <li
          class="flex items-center"
        >
          <div
            class="font-sans text-2xl mr-2 text-teal-300"
            id=""
          >
            <svg
              aria-hidden="true"
              class="svg-inline--fa fa-square fa-w-14 "
              data-icon="square"
              data-prefix="fas"
              focusable="false"
              role="img"
              viewBox="0 0 448 512"
              xmlns="http://www.w3.org/2000/svg"
            >
              <path
                d="M400 32H48C21.5 32 0 53.5 0 80v352c0 26.5 21.5 48 48 48h352c26.5 0 48-21.5 48-48V80c0-26.5-21.5-48-48-48z"
                fill="currentColor"
              />
            </svg>
          </div>
          <p
            class="font-sans text-gray-800 text-base pt-1"
          >
            Upsilon Pi Epsilon Computer Science Honor Society
          </p>
        </li>
        <li
          class="flex items-center"
        >
          <div
            class="font-sans text-2xl mr-2 text-teal-300"
            id=""
          >
            <svg
              aria-hidden="true"
              class="svg-inline--fa fa-square fa-w-14 "
              data-icon="square"
              data-prefix="fas"
              focusable="false"
              role="img"
              viewBox="0 0 448 512"
              xmlns="http://www.w3.org/2000/svg"
            >
              <path
                d="M400 32H48C21.5 32 0 53.5 0 80v352c0 26.5 21.5 48 48 48h352c26.5 0 48-21.5 48-48V80c0-26.5-21.5-48-48-48z"
                fill="currentColor"
              />
            </svg>
          </div>
          <p
            class="font-sans text-gray-800 text-base pt-1"
          >
            Alpha Phi Sigma Honor Society
          </p>
        </li>
        <li
          class="flex items-center"
        >
          <div
            class="font-sans text-2xl mr-2 text-teal-300"
            id=""
          >
            <svg
              aria-hidden="true"
              class="svg-inline--fa fa-square fa-w-14 "
              data-icon="square"
              data-prefix="fas"
              focusable="false"
              role="img"
              viewBox="0 0 448 512"
              xmlns="http://www.w3.org/2000/svg"
            >
              <path
                d="M400 32H48C21.5 32 0 53.5 0 80v352c0 26.5 21.5 48 48 48h352c26.5 0 48-21.5 48-48V80c0-26.5-21.5-48-48-48z"
                fill="currentColor"
              />
            </svg>
          </div>
          <p
            class="font-sans text-gray-800 text-base pt-1"
          >
            Daily Bruin Web Development Intern
          </p>
        </li>
      </ul>
    </div>
    <div
      class="w-1/3 text-right"
    >
      <button
        class="font-bold py-2 px-4 rounded bg-transparent text-teal-700 border border-teal-500 hover:bg-teal-500 hover:text-white hover:border-transparent mr-2"
        type="button"
      >
        <div
          class="flex items-center"
        >
          <div
            class="font-sans text-2xl mr-2"
            id=""
          >
            <svg
              aria-hidden="true"
              class="svg-inline--fa fa-pencil-alt fa-w-16 "
              data-icon="pencil-alt"
              data-prefix="fas"
              focusable="false"
              role="img"
              viewBox="0 0 512 512"
              xmlns="http://www.w3.org/2000/svg"
            >
              <path
                d="M497.9 142.1l-46.1 46.1c-4.7 4.7-12.3 4.7-17 0l-111-111c-4.7-4.7-4.7-12.3 0-17l46.1-46.1c18.7-18.7 49.1-18.7 67.9 0l60.1 60.1c18.8 18.7 18.8 49.1 0 67.9zM284.2 99.8L21.6 362.4.4 483.9c-2.9 16.4 11.4 30.6 27.8 27.8l121.5-21.3 262.6-262.6c4.7-4.7 4.7-12.3 0-17l-111-111c-4.8-4.7-12.4-4.7-17.1 0zM124.1 339.9c-5.5-5.5-5.5-14.3 0-19.8l154-154c5.5-5.5 14.3-5.5 19.8 0s5.5 14.3 0 19.8l-154 154c-5.5 5.5-14.3 5.5-19.8 0zM88 424h48v36.3l-64.5 11.3-31.1-31.1L51.7 376H88v48z"
                fill="currentColor"
              />
            </svg>
          </div>
           Edit
        </div>
      </button>
      <button
        class="font-bold py-2 px-4 rounded font-bold py-2 px-4 rounded bg-red-500 text-white hover:bg-red-700 "
        type="button"
      >
        <div
          class="flex items-center"
        >
          <div
            class="font-sans text-2xl mr-2"
            id=""
          >
            <svg
              aria-hidden="true"
              class="svg-inline--fa fa-trash-alt fa-w-14 "
              data-icon="trash-alt"
              data-prefix="fas"
              focusable="false"
              role="img"
              viewBox="0 0 448 512"
              xmlns="http://www.w3.org/2000/svg"
            >
              <path
                d="M32 464a48 48 0 0 0 48 48h288a48 48 0 0 0 48-48V128H32zm272-256a16 16 0 0 1 32 0v224a16 16 0 0 1-32 0zm-96 0a16 16 0 0 1 32 0v224a16 16 0 0 1-32 0zm-96 0a16 16 0 0 1 32 0v224a16 16 0 0 1-32 0zM432 32H312l-9.4-18.7A24 24 0 0 0 281.1 0H166.8a23.72 23.72 0 0 0-21.4 13.3L136 32H16A16 16 0 0 0 0 48v32a16 16 0 0 0 16 16h416a16 16 0 0 0 16-16V48a16 16 0 0 0-16-16z"
                fill="currentColor"
              />
            </svg>
          </div>
          Delete
        </div>
      </button>
    </div>
  </div>
</div>
`;
