// Jest Snapshot v1, https://goo.gl/fbAQLP

exports[`<OrganizationsLayout /> should render without error 1`] = `
<div>
  <div
    class="extra-organizations-layout-class"
    data-testid="organizationsLayoutTestId"
  >
    <header
      class="mb-8"
    >
      <button
        class="font-bold py-2 px-4 rounded bg-transparent text-teal-700 border border-teal-500 hover:bg-teal-500 hover:text-white hover:border-transparent mb-4"
        type="button"
      >
        <div
          class="flex items-center"
        >
          <div
            class="font-sans text-2xl mr-2"
            id=""
          >
            <svg
              aria-hidden="true"
              class="svg-inline--fa fa-chevron-left fa-w-10 "
              data-icon="chevron-left"
              data-prefix="fas"
              focusable="false"
              role="img"
              viewBox="0 0 320 512"
              xmlns="http://www.w3.org/2000/svg"
            >
              <path
                d="M34.52 239.03L228.87 44.69c9.37-9.37 24.57-9.37 33.94 0l22.67 22.67c9.36 9.36 9.37 24.52.04 33.9L131.49 256l154.02 154.75c9.34 9.38 9.32 24.54-.04 33.9l-22.67 22.67c-9.37 9.37-24.57 9.37-33.94 0L34.52 272.97c-9.37-9.37-9.37-24.57 0-33.94z"
                fill="currentColor"
              />
            </svg>
          </div>
           Back to Recaps
        </div>
      </button>
      <div>
        <div
          class="flex justify-between w-full"
        >
          <h2
            class="font-mono font-bold text-gray-800 text-3xl "
          >
            Organizations
          </h2>
          <button
            class="font-bold py-2 px-4 rounded font-bold py-2 px-4 rounded bg-teal-500 text-white hover:bg-teal-700 "
            type="button"
          >
            <div
              class="flex items-center"
            >
              Add a Recap
            </div>
          </button>
        </div>
        <p
          class="font-sans text-gray-800 text-base "
        >
          Recap the organizations you were a part of and your impact in those groups.
        </p>
      </div>
    </header>
    <section
      class=""
    >
      <div
        class="bg-white shadow-md rounded px-8 py-6 p-4 flex mb-4"
        data-testid="organizationsRecap"
      >
        <div
          class="flex justify-center items-center p-3 rounded-lg bg-gray-200 recap-icon mr-4"
        >
          <div
            class="font-sans text-3xl text-teal-400"
            id=""
          >
            <svg
              aria-hidden="true"
              class="svg-inline--fa fa-users fa-w-20 "
              data-icon="users"
              data-prefix="fas"
              focusable="false"
              role="img"
              viewBox="0 0 640 512"
              xmlns="http://www.w3.org/2000/svg"
            >
              <path
                d="M96 224c35.3 0 64-28.7 64-64s-28.7-64-64-64-64 28.7-64 64 28.7 64 64 64zm448 0c35.3 0 64-28.7 64-64s-28.7-64-64-64-64 28.7-64 64 28.7 64 64 64zm32 32h-64c-17.6 0-33.5 7.1-45.1 18.6 40.3 22.1 68.9 62 75.1 109.4h66c17.7 0 32-14.3 32-32v-32c0-35.3-28.7-64-64-64zm-256 0c61.9 0 112-50.1 112-112S381.9 32 320 32 208 82.1 208 144s50.1 112 112 112zm76.8 32h-8.3c-20.8 10-43.9 16-68.5 16s-47.6-6-68.5-16h-8.3C179.6 288 128 339.6 128 403.2V432c0 26.5 21.5 48 48 48h288c26.5 0 48-21.5 48-48v-28.8c0-63.6-51.6-115.2-115.2-115.2zm-223.7-13.4C161.5 263.1 145.6 256 128 256H64c-35.3 0-64 28.7-64 64v32c0 17.7 14.3 32 32 32h65.9c6.3-47.4 34.9-87.3 75.2-109.4z"
                fill="currentColor"
              />
            </svg>
          </div>
        </div>
        <div
          class="flex-auto"
        >
          <h4
            class="font-mono font-bold text-gray-800 text-xl "
          >
            Zeta Mu Beta
          </h4>
          <p
            class="font-sans text-gray-800 text-base "
          >
            Long Beach, CA
          </p>
          <p
            class="font-sans text-gray-800 text-base "
          >
            Pledge Educator, Member
          </p>
          <p
            class="font-sans text-gray-800 text-base italic text-gray-600"
          >
            Dec 2014
             -
             
            Mar 2016
          </p>
          <ul
            class="mt-3"
          >
            <li
              class="flex items-center"
            >
              <div
                class="font-sans text-2xl mr-2 text-teal-300"
                id=""
              >
                <svg
                  aria-hidden="true"
                  class="svg-inline--fa fa-square fa-w-14 "
                  data-icon="square"
                  data-prefix="fas"
                  focusable="false"
                  role="img"
                  viewBox="0 0 448 512"
                  xmlns="http://www.w3.org/2000/svg"
                >
                  <path
                    d="M400 32H48C21.5 32 0 53.5 0 80v352c0 26.5 21.5 48 48 48h352c26.5 0 48-21.5 48-48V80c0-26.5-21.5-48-48-48z"
                    fill="currentColor"
                  />
                </svg>
              </div>
              <p
                class="font-sans text-gray-800 text-base pt-1"
              >
                Crossed into the organization in Fall 2014
              </p>
            </li>
            <li
              class="flex items-center"
            >
              <div
                class="font-sans text-2xl mr-2 text-teal-300"
                id=""
              >
                <svg
                  aria-hidden="true"
                  class="svg-inline--fa fa-square fa-w-14 "
                  data-icon="square"
                  data-prefix="fas"
                  focusable="false"
                  role="img"
                  viewBox="0 0 448 512"
                  xmlns="http://www.w3.org/2000/svg"
                >
                  <path
                    d="M400 32H48C21.5 32 0 53.5 0 80v352c0 26.5 21.5 48 48 48h352c26.5 0 48-21.5 48-48V80c0-26.5-21.5-48-48-48z"
                    fill="currentColor"
                  />
                </svg>
              </div>
              <p
                class="font-sans text-gray-800 text-base pt-1"
              >
                Served as an active member for 2 years and as a pledge educator for the XI class
              </p>
            </li>
          </ul>
        </div>
        <div
          class="w-1/3 text-right"
        >
          <button
            class="font-bold py-2 px-4 rounded bg-transparent text-teal-700 border border-teal-500 hover:bg-teal-500 hover:text-white hover:border-transparent mr-2"
            id="organizationsId"
            type="button"
          >
            <div
              class="flex items-center"
            >
              <div
                class="font-sans text-2xl mr-2"
                id=""
              >
                <svg
                  aria-hidden="true"
                  class="svg-inline--fa fa-pencil-alt fa-w-16 "
                  data-icon="pencil-alt"
                  data-prefix="fas"
                  focusable="false"
                  role="img"
                  viewBox="0 0 512 512"
                  xmlns="http://www.w3.org/2000/svg"
                >
                  <path
                    d="M497.9 142.1l-46.1 46.1c-4.7 4.7-12.3 4.7-17 0l-111-111c-4.7-4.7-4.7-12.3 0-17l46.1-46.1c18.7-18.7 49.1-18.7 67.9 0l60.1 60.1c18.8 18.7 18.8 49.1 0 67.9zM284.2 99.8L21.6 362.4.4 483.9c-2.9 16.4 11.4 30.6 27.8 27.8l121.5-21.3 262.6-262.6c4.7-4.7 4.7-12.3 0-17l-111-111c-4.8-4.7-12.4-4.7-17.1 0zM124.1 339.9c-5.5-5.5-5.5-14.3 0-19.8l154-154c5.5-5.5 14.3-5.5 19.8 0s5.5 14.3 0 19.8l-154 154c-5.5 5.5-14.3 5.5-19.8 0zM88 424h48v36.3l-64.5 11.3-31.1-31.1L51.7 376H88v48z"
                    fill="currentColor"
                  />
                </svg>
              </div>
               Edit
            </div>
          </button>
          <button
            class="font-bold py-2 px-4 rounded font-bold py-2 px-4 rounded bg-red-500 text-white hover:bg-red-700 "
            id="organizationsId"
            type="button"
          >
            <div
              class="flex items-center"
            >
              <div
                class="font-sans text-2xl mr-2"
                id=""
              >
                <svg
                  aria-hidden="true"
                  class="svg-inline--fa fa-trash-alt fa-w-14 "
                  data-icon="trash-alt"
                  data-prefix="fas"
                  focusable="false"
                  role="img"
                  viewBox="0 0 448 512"
                  xmlns="http://www.w3.org/2000/svg"
                >
                  <path
                    d="M32 464a48 48 0 0 0 48 48h288a48 48 0 0 0 48-48V128H32zm272-256a16 16 0 0 1 32 0v224a16 16 0 0 1-32 0zm-96 0a16 16 0 0 1 32 0v224a16 16 0 0 1-32 0zm-96 0a16 16 0 0 1 32 0v224a16 16 0 0 1-32 0zM432 32H312l-9.4-18.7A24 24 0 0 0 281.1 0H166.8a23.72 23.72 0 0 0-21.4 13.3L136 32H16A16 16 0 0 0 0 48v32a16 16 0 0 0 16 16h416a16 16 0 0 0 16-16V48a16 16 0 0 0-16-16z"
                    fill="currentColor"
                  />
                </svg>
              </div>
              Delete
            </div>
          </button>
        </div>
      </div>
    </section>
  </div>
</div>
`;
