// Jest Snapshot v1, https://goo.gl/fbAQLP

exports[`<SkillsLayout /> should render without error 1`] = `
<div>
  <div
    class="extra-skills-layout-class"
    data-testid="skillsLayoutTestId"
  >
    <header
      class="mb-8"
    >
      <button
        class="font-bold py-2 px-4 rounded bg-transparent text-teal-700 border border-teal-500 hover:bg-teal-500 hover:text-white hover:border-transparent mb-4"
        type="button"
      >
        <div
          class="flex items-center"
        >
          <div
            class="font-sans text-2xl mr-2"
            id=""
          >
            <svg
              aria-hidden="true"
              class="svg-inline--fa fa-chevron-left fa-w-10 "
              data-icon="chevron-left"
              data-prefix="fas"
              focusable="false"
              role="img"
              viewBox="0 0 320 512"
              xmlns="http://www.w3.org/2000/svg"
            >
              <path
                d="M34.52 239.03L228.87 44.69c9.37-9.37 24.57-9.37 33.94 0l22.67 22.67c9.36 9.36 9.37 24.52.04 33.9L131.49 256l154.02 154.75c9.34 9.38 9.32 24.54-.04 33.9l-22.67 22.67c-9.37 9.37-24.57 9.37-33.94 0L34.52 272.97c-9.37-9.37-9.37-24.57 0-33.94z"
                fill="currentColor"
              />
            </svg>
          </div>
           Back to Recaps
        </div>
      </button>
      <div>
        <div
          class="flex justify-between w-full"
        >
          <h2
            class="font-mono font-bold text-gray-800 text-3xl "
          >
            Skills
          </h2>
          <button
            class="font-bold py-2 px-4 rounded font-bold py-2 px-4 rounded bg-teal-500 text-white hover:bg-teal-700 "
            type="button"
          >
            <div
              class="flex items-center"
            >
              Add a Recap
            </div>
          </button>
        </div>
        <p
          class="font-sans text-gray-800 text-base "
        >
          Recap the things you have learned and their proficiencies.
        </p>
      </div>
    </header>
    <section
      class=""
    >
      <div
        class="bg-white shadow-md rounded px-8 py-6 p-4 flex mb-4"
        data-testid="skillsRecap"
      >
        <div
          class="flex justify-center items-center p-3 rounded-lg bg-gray-200 recap-icon mr-4"
        >
          <div
            class="font-sans text-3xl text-teal-400"
            id=""
          >
            <svg
              aria-hidden="true"
              class="svg-inline--fa fa-certificate fa-w-16 "
              data-icon="certificate"
              data-prefix="fas"
              focusable="false"
              role="img"
              viewBox="0 0 512 512"
              xmlns="http://www.w3.org/2000/svg"
            >
              <path
                d="M458.622 255.92l45.985-45.005c13.708-12.977 7.316-36.039-10.664-40.339l-62.65-15.99 17.661-62.015c4.991-17.838-11.829-34.663-29.661-29.671l-61.994 17.667-15.984-62.671C337.085.197 313.765-6.276 300.99 7.228L256 53.57 211.011 7.229c-12.63-13.351-36.047-7.234-40.325 10.668l-15.984 62.671-61.995-17.667C74.87 57.907 58.056 74.738 63.046 92.572l17.661 62.015-62.65 15.99C.069 174.878-6.31 197.944 7.392 210.915l45.985 45.005-45.985 45.004c-13.708 12.977-7.316 36.039 10.664 40.339l62.65 15.99-17.661 62.015c-4.991 17.838 11.829 34.663 29.661 29.671l61.994-17.667 15.984 62.671c4.439 18.575 27.696 24.018 40.325 10.668L256 458.61l44.989 46.001c12.5 13.488 35.987 7.486 40.325-10.668l15.984-62.671 61.994 17.667c17.836 4.994 34.651-11.837 29.661-29.671l-17.661-62.015 62.65-15.99c17.987-4.302 24.366-27.367 10.664-40.339l-45.984-45.004z"
                fill="currentColor"
              />
            </svg>
          </div>
        </div>
        <div
          class="flex-auto"
        >
          <h4
            class="font-mono font-bold text-gray-800 text-xl "
          >
            Tagalog
          </h4>
          <p
            class="font-sans text-gray-800 text-base "
          >
            Intermediate
          </p>
          <ul
            class="mt-3"
          >
            <li
              class="flex items-center"
            >
              <div
                class="font-sans text-2xl mr-2 text-teal-300"
                id=""
              >
                <svg
                  aria-hidden="true"
                  class="svg-inline--fa fa-square fa-w-14 "
                  data-icon="square"
                  data-prefix="fas"
                  focusable="false"
                  role="img"
                  viewBox="0 0 448 512"
                  xmlns="http://www.w3.org/2000/svg"
                >
                  <path
                    d="M400 32H48C21.5 32 0 53.5 0 80v352c0 26.5 21.5 48 48 48h352c26.5 0 48-21.5 48-48V80c0-26.5-21.5-48-48-48z"
                    fill="currentColor"
                  />
                </svg>
              </div>
              <p
                class="font-sans text-gray-800 text-base pt-1"
              >
                Not a fluent speaker but can understand every day Tagalog speaking well
              </p>
            </li>
            <li
              class="flex items-center"
            >
              <div
                class="font-sans text-2xl mr-2 text-teal-300"
                id=""
              >
                <svg
                  aria-hidden="true"
                  class="svg-inline--fa fa-square fa-w-14 "
                  data-icon="square"
                  data-prefix="fas"
                  focusable="false"
                  role="img"
                  viewBox="0 0 448 512"
                  xmlns="http://www.w3.org/2000/svg"
                >
                  <path
                    d="M400 32H48C21.5 32 0 53.5 0 80v352c0 26.5 21.5 48 48 48h352c26.5 0 48-21.5 48-48V80c0-26.5-21.5-48-48-48z"
                    fill="currentColor"
                  />
                </svg>
              </div>
              <p
                class="font-sans text-gray-800 text-base pt-1"
              >
                Can speak some Tagalog here and there but struggle with grammar
              </p>
            </li>
          </ul>
        </div>
        <div
          class="w-1/3 text-right"
        >
          <button
            class="font-bold py-2 px-4 rounded bg-transparent text-teal-700 border border-teal-500 hover:bg-teal-500 hover:text-white hover:border-transparent mr-2"
            id="skillsId"
            type="button"
          >
            <div
              class="flex items-center"
            >
              <div
                class="font-sans text-2xl mr-2"
                id=""
              >
                <svg
                  aria-hidden="true"
                  class="svg-inline--fa fa-pencil-alt fa-w-16 "
                  data-icon="pencil-alt"
                  data-prefix="fas"
                  focusable="false"
                  role="img"
                  viewBox="0 0 512 512"
                  xmlns="http://www.w3.org/2000/svg"
                >
                  <path
                    d="M497.9 142.1l-46.1 46.1c-4.7 4.7-12.3 4.7-17 0l-111-111c-4.7-4.7-4.7-12.3 0-17l46.1-46.1c18.7-18.7 49.1-18.7 67.9 0l60.1 60.1c18.8 18.7 18.8 49.1 0 67.9zM284.2 99.8L21.6 362.4.4 483.9c-2.9 16.4 11.4 30.6 27.8 27.8l121.5-21.3 262.6-262.6c4.7-4.7 4.7-12.3 0-17l-111-111c-4.8-4.7-12.4-4.7-17.1 0zM124.1 339.9c-5.5-5.5-5.5-14.3 0-19.8l154-154c5.5-5.5 14.3-5.5 19.8 0s5.5 14.3 0 19.8l-154 154c-5.5 5.5-14.3 5.5-19.8 0zM88 424h48v36.3l-64.5 11.3-31.1-31.1L51.7 376H88v48z"
                    fill="currentColor"
                  />
                </svg>
              </div>
               Edit
            </div>
          </button>
          <button
            class="font-bold py-2 px-4 rounded font-bold py-2 px-4 rounded bg-red-500 text-white hover:bg-red-700 "
            id="skillsId"
            type="button"
          >
            <div
              class="flex items-center"
            >
              <div
                class="font-sans text-2xl mr-2"
                id=""
              >
                <svg
                  aria-hidden="true"
                  class="svg-inline--fa fa-trash-alt fa-w-14 "
                  data-icon="trash-alt"
                  data-prefix="fas"
                  focusable="false"
                  role="img"
                  viewBox="0 0 448 512"
                  xmlns="http://www.w3.org/2000/svg"
                >
                  <path
                    d="M32 464a48 48 0 0 0 48 48h288a48 48 0 0 0 48-48V128H32zm272-256a16 16 0 0 1 32 0v224a16 16 0 0 1-32 0zm-96 0a16 16 0 0 1 32 0v224a16 16 0 0 1-32 0zm-96 0a16 16 0 0 1 32 0v224a16 16 0 0 1-32 0zM432 32H312l-9.4-18.7A24 24 0 0 0 281.1 0H166.8a23.72 23.72 0 0 0-21.4 13.3L136 32H16A16 16 0 0 0 0 48v32a16 16 0 0 0 16 16h416a16 16 0 0 0 16-16V48a16 16 0 0 0-16-16z"
                    fill="currentColor"
                  />
                </svg>
              </div>
              Delete
            </div>
          </button>
        </div>
      </div>
    </section>
  </div>
</div>
`;
