// Jest Snapshot v1, https://goo.gl/fbAQLP

exports[`<RecapErrorCard /> should render without error 1`] = `
<div>
  <div
    class="bg-white shadow-md rounded px-8 py-6 h-64 p-6 flex flex-col justify-center items-center extra-recaps-error-card-class"
    data-testid="recapsErrorCardTestId"
  >
    <div
      class="font-sans text-4xl text-red-400 mb-4"
      id=""
    >
      <svg
        aria-hidden="true"
        class="svg-inline--fa fa-exclamation-triangle fa-w-18 "
        data-icon="exclamation-triangle"
        data-prefix="fas"
        focusable="false"
        role="img"
        viewBox="0 0 576 512"
        xmlns="http://www.w3.org/2000/svg"
      >
        <path
          d="M569.517 440.013C587.975 472.007 564.806 512 527.94 512H48.054c-36.937 0-59.999-40.055-41.577-71.987L246.423 23.985c18.467-32.009 64.72-31.951 83.154 0l239.94 416.028zM288 354c-25.405 0-46 20.595-46 46s20.595 46 46 46 46-20.595 46-46-20.595-46-46-46zm-43.673-165.346l7.418 136c.347 6.364 5.609 11.346 11.982 11.346h48.546c6.373 0 11.635-4.982 11.982-11.346l7.418-136c.375-6.874-5.098-12.654-11.982-12.654h-63.383c-6.884 0-12.356 5.78-11.981 12.654z"
          fill="currentColor"
        />
      </svg>
    </div>
    <p
      class="font-sans text-gray-800 text-base text-center mb-6"
    >
      Oops! Something went wrong with fetching your Recaps!
    </p>
    <button
      class="font-bold py-2 px-4 rounded font-bold py-2 px-4 rounded bg-teal-500 text-white hover:bg-teal-700 "
      type="button"
    >
      <div
        class="flex items-center"
      >
        Retry
      </div>
    </button>
  </div>
</div>
`;
