// Jest Snapshot v1, https://goo.gl/fbAQLP

exports[`<Select /> should render without error 1`] = `
<div>
  <div
    class="extra-select-class"
  >
    
    <div
      class="inline-block relative"
    >
      <select
        aria-required="false"
        class="block appearance-none w-full bg-white border border-gray-400 hover:border-gray-500 px-4 py-2 pr-8 rounded shadow leading-tight focus:outline-none focus:shadow-outline"
        data-testid="selectTestId"
        id="select"
        name="select"
      >
        
        <option
          value="corgi"
        >
          Corgi
        </option>
        <option
          value="dachsund"
        >
          Dachsund
        </option>
        <option
          value="golden retriever"
        >
          Golden Retriever
        </option>
      </select>
      <div
        class="pointer-events-none absolute inset-y-0 right-0 flex items-center px-2 text-gray-700"
      >
        <svg
          class="fill-current h-4 w-4"
          viewBox="0 0 20 20"
          xmlns="http://www.w3.org/2000/svg"
        >
          <path
            d="M9.293 12.95l.707.707L15.657 8l-1.414-1.414L10 10.828 5.757 6.586 4.343 8z"
          />
        </svg>
      </div>
    </div>
  </div>
</div>
`;
