// Jest Snapshot v1, https://goo.gl/fbAQLP

exports[`<Card /> should render without error 1`] = `
<div>
  <div
    class="bg-white shadow-md rounded px-8 py-6 extra-card-class"
    data-testid="someCardTestId"
  >
    <p>
      Children
    </p>
  </div>
</div>
`;
