// Jest Snapshot v1, https://goo.gl/fbAQLP

exports[`<ReferencesRecap /> should render without error 1`] = `
<div>
  <div
    class="bg-white shadow-md rounded px-8 py-6 p-4 flex extra-recap-class"
    data-testid="referencesRecapTestId"
  >
    <div
      class="flex justify-center items-center p-2 rounded-lg bg-gray-200 recap-icon mr-4"
    >
      <div
        class="font-sans text-3xl text-teal-400"
        id=""
      >
        <svg
          aria-hidden="true"
          class="svg-inline--fa fa-address-card fa-w-18 "
          data-icon="address-card"
          data-prefix="fas"
          focusable="false"
          role="img"
          viewBox="0 0 576 512"
          xmlns="http://www.w3.org/2000/svg"
        >
          <path
            d="M528 32H48C21.5 32 0 53.5 0 80v352c0 26.5 21.5 48 48 48h480c26.5 0 48-21.5 48-48V80c0-26.5-21.5-48-48-48zm-352 96c35.3 0 64 28.7 64 64s-28.7 64-64 64-64-28.7-64-64 28.7-64 64-64zm112 236.8c0 10.6-10 19.2-22.4 19.2H86.4C74 384 64 375.4 64 364.8v-19.2c0-31.8 30.1-57.6 67.2-57.6h5c12.3 5.1 25.7 8 39.8 8s27.6-2.9 39.8-8h5c37.1 0 67.2 25.8 67.2 57.6v19.2zM512 312c0 4.4-3.6 8-8 8H360c-4.4 0-8-3.6-8-8v-16c0-4.4 3.6-8 8-8h144c4.4 0 8 3.6 8 8v16zm0-64c0 4.4-3.6 8-8 8H360c-4.4 0-8-3.6-8-8v-16c0-4.4 3.6-8 8-8h144c4.4 0 8 3.6 8 8v16zm0-64c0 4.4-3.6 8-8 8H360c-4.4 0-8-3.6-8-8v-16c0-4.4 3.6-8 8-8h144c4.4 0 8 3.6 8 8v16z"
            fill="currentColor"
          />
        </svg>
      </div>
    </div>
    <div
      class="flex-auto"
    >
      <h4
        class="font-mono font-bold text-gray-800 text-xl "
      >
        Andrew C. - Product Manager
      </h4>
      <p
        class="font-sans text-gray-800 text-base "
      >
        Sandia National Laboratories
      </p>
      <p
        class="font-sans text-gray-800 text-base "
      >
        ac@sandia.gov
      </p>
      <p
        class="font-sans text-gray-800 text-base "
      >
        555-555-5555
      </p>
      <ul
        class="mt-3"
      >
        <li
          class="flex items-center"
        >
          <div
            class="font-sans text-2xl mr-2 text-teal-300"
            id=""
          >
            <svg
              aria-hidden="true"
              class="svg-inline--fa fa-square fa-w-14 "
              data-icon="square"
              data-prefix="fas"
              focusable="false"
              role="img"
              viewBox="0 0 448 512"
              xmlns="http://www.w3.org/2000/svg"
            >
              <path
                d="M400 32H48C21.5 32 0 53.5 0 80v352c0 26.5 21.5 48 48 48h352c26.5 0 48-21.5 48-48V80c0-26.5-21.5-48-48-48z"
                fill="currentColor"
              />
            </svg>
          </div>
          <p
            class="font-sans text-gray-800 text-base pt-1"
          >
            Worked under Andrew in building a Node.js, MongoDB, Neo4J bitcoin transaction visualization and classification prototype with D3.js sankey flows
          </p>
        </li>
        <li
          class="flex items-center"
        >
          <div
            class="font-sans text-2xl mr-2 text-teal-300"
            id=""
          >
            <svg
              aria-hidden="true"
              class="svg-inline--fa fa-square fa-w-14 "
              data-icon="square"
              data-prefix="fas"
              focusable="false"
              role="img"
              viewBox="0 0 448 512"
              xmlns="http://www.w3.org/2000/svg"
            >
              <path
                d="M400 32H48C21.5 32 0 53.5 0 80v352c0 26.5 21.5 48 48 48h352c26.5 0 48-21.5 48-48V80c0-26.5-21.5-48-48-48z"
                fill="currentColor"
              />
            </svg>
          </div>
          <p
            class="font-sans text-gray-800 text-base pt-1"
          >
            Mentored by Ethan C. and worked with Steven R. in building out the frontend and parts of the backend
          </p>
        </li>
      </ul>
    </div>
    <div
      class="w-1/3 text-right"
    >
      <button
        class="font-bold py-2 px-4 rounded bg-transparent text-teal-700 border border-teal-500 hover:bg-teal-500 hover:text-white hover:border-transparent mr-2"
        id="referencesId"
        type="button"
      >
        <div
          class="flex items-center"
        >
          <div
            class="font-sans text-2xl mr-2"
            id=""
          >
            <svg
              aria-hidden="true"
              class="svg-inline--fa fa-pencil-alt fa-w-16 "
              data-icon="pencil-alt"
              data-prefix="fas"
              focusable="false"
              role="img"
              viewBox="0 0 512 512"
              xmlns="http://www.w3.org/2000/svg"
            >
              <path
                d="M497.9 142.1l-46.1 46.1c-4.7 4.7-12.3 4.7-17 0l-111-111c-4.7-4.7-4.7-12.3 0-17l46.1-46.1c18.7-18.7 49.1-18.7 67.9 0l60.1 60.1c18.8 18.7 18.8 49.1 0 67.9zM284.2 99.8L21.6 362.4.4 483.9c-2.9 16.4 11.4 30.6 27.8 27.8l121.5-21.3 262.6-262.6c4.7-4.7 4.7-12.3 0-17l-111-111c-4.8-4.7-12.4-4.7-17.1 0zM124.1 339.9c-5.5-5.5-5.5-14.3 0-19.8l154-154c5.5-5.5 14.3-5.5 19.8 0s5.5 14.3 0 19.8l-154 154c-5.5 5.5-14.3 5.5-19.8 0zM88 424h48v36.3l-64.5 11.3-31.1-31.1L51.7 376H88v48z"
                fill="currentColor"
              />
            </svg>
          </div>
           Edit
        </div>
      </button>
      <button
        class="font-bold py-2 px-4 rounded font-bold py-2 px-4 rounded bg-red-500 text-white hover:bg-red-700 "
        id="referencesId"
        type="button"
      >
        <div
          class="flex items-center"
        >
          <div
            class="font-sans text-2xl mr-2"
            id=""
          >
            <svg
              aria-hidden="true"
              class="svg-inline--fa fa-trash-alt fa-w-14 "
              data-icon="trash-alt"
              data-prefix="fas"
              focusable="false"
              role="img"
              viewBox="0 0 448 512"
              xmlns="http://www.w3.org/2000/svg"
            >
              <path
                d="M32 464a48 48 0 0 0 48 48h288a48 48 0 0 0 48-48V128H32zm272-256a16 16 0 0 1 32 0v224a16 16 0 0 1-32 0zm-96 0a16 16 0 0 1 32 0v224a16 16 0 0 1-32 0zm-96 0a16 16 0 0 1 32 0v224a16 16 0 0 1-32 0zM432 32H312l-9.4-18.7A24 24 0 0 0 281.1 0H166.8a23.72 23.72 0 0 0-21.4 13.3L136 32H16A16 16 0 0 0 0 48v32a16 16 0 0 0 16 16h416a16 16 0 0 0 16-16V48a16 16 0 0 0-16-16z"
                fill="currentColor"
              />
            </svg>
          </div>
          Delete
        </div>
      </button>
    </div>
  </div>
</div>
`;
