// Jest Snapshot v1, https://goo.gl/fbAQLP

exports[`<BulletPointInput /> should render without error 1`] = `
<div>
  <div
    class="flex items-start px-4 py-6 rounded hover:shadow-md hover:bg-blue-100 cursor-pointer extraBulletPointClass"
    data-testid="bulletPointInputTestId"
  >
    <div
      class="mr-4 flex-1 cursor-none"
    >
      
      <input
        aria-required="true"
        class="shadow appearance-none border w-full py-2 px-3 text-gray-700 leading-tight focus:outline-none focus:shadow-outline rounded"
        data-testid="bulletPointInputTestIdInput"
        id="bulletpointid"
        name="bulletpointid"
        placeholder="Provide your highlights and results..."
        type="text"
        value="bullet point description"
      />
    </div>
    <div
      class="font-sans text-gray-800 text-2xl text-red-700 hover:text-red-900 cursor-pointer"
      data-testid="bulletPointInputTestIdDeleteIcon"
    >
      <svg
        aria-hidden="true"
        class="svg-inline--fa fa-trash-alt fa-w-14 "
        data-icon="trash-alt"
        data-prefix="fas"
        focusable="false"
        role="img"
        viewBox="0 0 448 512"
        xmlns="http://www.w3.org/2000/svg"
      >
        <path
          d="M32 464a48 48 0 0 0 48 48h288a48 48 0 0 0 48-48V128H32zm272-256a16 16 0 0 1 32 0v224a16 16 0 0 1-32 0zm-96 0a16 16 0 0 1 32 0v224a16 16 0 0 1-32 0zm-96 0a16 16 0 0 1 32 0v224a16 16 0 0 1-32 0zM432 32H312l-9.4-18.7A24 24 0 0 0 281.1 0H166.8a23.72 23.72 0 0 0-21.4 13.3L136 32H16A16 16 0 0 0 0 48v32a16 16 0 0 0 16 16h416a16 16 0 0 0 16-16V48a16 16 0 0 0-16-16z"
          fill="currentColor"
        />
      </svg>
    </div>
  </div>
</div>
`;
