// Jest Snapshot v1, https://goo.gl/fbAQLP

exports[`<AccomplishmentsRecap /> should render without error 1`] = `
<div>
  <div
    class="bg-white shadow-md rounded px-8 py-6 p-4 flex extra-recap-class"
    data-testid="accomplishmentsRecapTestId"
  >
    <div
      class="flex justify-center items-center p-2 rounded-lg bg-gray-200 recap-icon mr-4"
    >
      <div
        class="font-sans text-3xl text-teal-400"
        id=""
      >
        <svg
          aria-hidden="true"
          class="svg-inline--fa fa-award fa-w-12 "
          data-icon="award"
          data-prefix="fas"
          focusable="false"
          role="img"
          viewBox="0 0 384 512"
          xmlns="http://www.w3.org/2000/svg"
        >
          <path
            d="M97.12 362.63c-8.69-8.69-4.16-6.24-25.12-11.85-9.51-2.55-17.87-7.45-25.43-13.32L1.2 448.7c-4.39 10.77 3.81 22.47 15.43 22.03l52.69-2.01L105.56 507c8 8.44 22.04 5.81 26.43-4.96l52.05-127.62c-10.84 6.04-22.87 9.58-35.31 9.58-19.5 0-37.82-7.59-51.61-21.37zM382.8 448.7l-45.37-111.24c-7.56 5.88-15.92 10.77-25.43 13.32-21.07 5.64-16.45 3.18-25.12 11.85-13.79 13.78-32.12 21.37-51.62 21.37-12.44 0-24.47-3.55-35.31-9.58L252 502.04c4.39 10.77 18.44 13.4 26.43 4.96l36.25-38.28 52.69 2.01c11.62.44 19.82-11.27 15.43-22.03zM263 340c15.28-15.55 17.03-14.21 38.79-20.14 13.89-3.79 24.75-14.84 28.47-28.98 7.48-28.4 5.54-24.97 25.95-45.75 10.17-10.35 14.14-25.44 10.42-39.58-7.47-28.38-7.48-24.42 0-52.83 3.72-14.14-.25-29.23-10.42-39.58-20.41-20.78-18.47-17.36-25.95-45.75-3.72-14.14-14.58-25.19-28.47-28.98-27.88-7.61-24.52-5.62-44.95-26.41-10.17-10.35-25-14.4-38.89-10.61-27.87 7.6-23.98 7.61-51.9 0-13.89-3.79-28.72.25-38.89 10.61-20.41 20.78-17.05 18.8-44.94 26.41-13.89 3.79-24.75 14.84-28.47 28.98-7.47 28.39-5.54 24.97-25.95 45.75-10.17 10.35-14.15 25.44-10.42 39.58 7.47 28.36 7.48 24.4 0 52.82-3.72 14.14.25 29.23 10.42 39.59 20.41 20.78 18.47 17.35 25.95 45.75 3.72 14.14 14.58 25.19 28.47 28.98C104.6 325.96 106.27 325 121 340c13.23 13.47 33.84 15.88 49.74 5.82a39.676 39.676 0 0 1 42.53 0c15.89 10.06 36.5 7.65 49.73-5.82zM97.66 175.96c0-53.03 42.24-96.02 94.34-96.02s94.34 42.99 94.34 96.02-42.24 96.02-94.34 96.02-94.34-42.99-94.34-96.02z"
            fill="currentColor"
          />
        </svg>
      </div>
    </div>
    <div
      class="flex-auto"
    >
      <h4
        class="font-mono font-bold text-gray-800 text-xl "
      >
        Promoted to Software Engineer 2 at SendGrid
      </h4>
      <p
        class="font-sans text-gray-800 text-base italic text-gray-600"
      >
        October 20, 2018
      </p>
      <p
        class="font-sans text-gray-800 text-base "
      >
        Career
      </p>
      <ul
        class="mt-3"
      >
        <li
          class="flex items-center"
        >
          <div
            class="font-sans text-2xl mr-2 text-teal-300"
            id=""
          >
            <svg
              aria-hidden="true"
              class="svg-inline--fa fa-square fa-w-14 "
              data-icon="square"
              data-prefix="fas"
              focusable="false"
              role="img"
              viewBox="0 0 448 512"
              xmlns="http://www.w3.org/2000/svg"
            >
              <path
                d="M400 32H48C21.5 32 0 53.5 0 80v352c0 26.5 21.5 48 48 48h352c26.5 0 48-21.5 48-48V80c0-26.5-21.5-48-48-48z"
                fill="currentColor"
              />
            </svg>
          </div>
          <p
            class="font-sans text-gray-800 text-base pt-1"
          >
            Led migration of manual frontend deployments and hosting on on-prem nginx servers to AWS S3 and CloudFront with Terraform and Buildkite for CICD
          </p>
        </li>
        <li
          class="flex items-center"
        >
          <div
            class="font-sans text-2xl mr-2 text-teal-300"
            id=""
          >
            <svg
              aria-hidden="true"
              class="svg-inline--fa fa-square fa-w-14 "
              data-icon="square"
              data-prefix="fas"
              focusable="false"
              role="img"
              viewBox="0 0 448 512"
              xmlns="http://www.w3.org/2000/svg"
            >
              <path
                d="M400 32H48C21.5 32 0 53.5 0 80v352c0 26.5 21.5 48 48 48h352c26.5 0 48-21.5 48-48V80c0-26.5-21.5-48-48-48z"
                fill="currentColor"
              />
            </svg>
          </div>
          <p
            class="font-sans text-gray-800 text-base pt-1"
          >
            Contributed to the development and pushed the final release of the redesigned Email Activity in Backbone/Marionette
          </p>
        </li>
        <li
          class="flex items-center"
        >
          <div
            class="font-sans text-2xl mr-2 text-teal-300"
            id=""
          >
            <svg
              aria-hidden="true"
              class="svg-inline--fa fa-square fa-w-14 "
              data-icon="square"
              data-prefix="fas"
              focusable="false"
              role="img"
              viewBox="0 0 448 512"
              xmlns="http://www.w3.org/2000/svg"
            >
              <path
                d="M400 32H48C21.5 32 0 53.5 0 80v352c0 26.5 21.5 48 48 48h352c26.5 0 48-21.5 48-48V80c0-26.5-21.5-48-48-48z"
                fill="currentColor"
              />
            </svg>
          </div>
          <p
            class="font-sans text-gray-800 text-base pt-1"
          >
            Led the transition from an in-house Ruby Selenium solution to WebdriverIO and finally to Cypress for E2E tests
          </p>
        </li>
      </ul>
    </div>
    <div
      class="w-1/3 text-right"
    >
      <button
        class="font-bold py-2 px-4 rounded bg-transparent text-teal-700 border border-teal-500 hover:bg-teal-500 hover:text-white hover:border-transparent mr-2"
        id="accomplishmentsId"
        type="button"
      >
        <div
          class="flex items-center"
        >
          <div
            class="font-sans text-2xl mr-2"
            id=""
          >
            <svg
              aria-hidden="true"
              class="svg-inline--fa fa-pencil-alt fa-w-16 "
              data-icon="pencil-alt"
              data-prefix="fas"
              focusable="false"
              role="img"
              viewBox="0 0 512 512"
              xmlns="http://www.w3.org/2000/svg"
            >
              <path
                d="M497.9 142.1l-46.1 46.1c-4.7 4.7-12.3 4.7-17 0l-111-111c-4.7-4.7-4.7-12.3 0-17l46.1-46.1c18.7-18.7 49.1-18.7 67.9 0l60.1 60.1c18.8 18.7 18.8 49.1 0 67.9zM284.2 99.8L21.6 362.4.4 483.9c-2.9 16.4 11.4 30.6 27.8 27.8l121.5-21.3 262.6-262.6c4.7-4.7 4.7-12.3 0-17l-111-111c-4.8-4.7-12.4-4.7-17.1 0zM124.1 339.9c-5.5-5.5-5.5-14.3 0-19.8l154-154c5.5-5.5 14.3-5.5 19.8 0s5.5 14.3 0 19.8l-154 154c-5.5 5.5-14.3 5.5-19.8 0zM88 424h48v36.3l-64.5 11.3-31.1-31.1L51.7 376H88v48z"
                fill="currentColor"
              />
            </svg>
          </div>
           Edit
        </div>
      </button>
      <button
        class="font-bold py-2 px-4 rounded font-bold py-2 px-4 rounded bg-red-500 text-white hover:bg-red-700 "
        id="accomplishmentsId"
        type="button"
      >
        <div
          class="flex items-center"
        >
          <div
            class="font-sans text-2xl mr-2"
            id=""
          >
            <svg
              aria-hidden="true"
              class="svg-inline--fa fa-trash-alt fa-w-14 "
              data-icon="trash-alt"
              data-prefix="fas"
              focusable="false"
              role="img"
              viewBox="0 0 448 512"
              xmlns="http://www.w3.org/2000/svg"
            >
              <path
                d="M32 464a48 48 0 0 0 48 48h288a48 48 0 0 0 48-48V128H32zm272-256a16 16 0 0 1 32 0v224a16 16 0 0 1-32 0zm-96 0a16 16 0 0 1 32 0v224a16 16 0 0 1-32 0zm-96 0a16 16 0 0 1 32 0v224a16 16 0 0 1-32 0zM432 32H312l-9.4-18.7A24 24 0 0 0 281.1 0H166.8a23.72 23.72 0 0 0-21.4 13.3L136 32H16A16 16 0 0 0 0 48v32a16 16 0 0 0 16 16h416a16 16 0 0 0 16-16V48a16 16 0 0 0-16-16z"
                fill="currentColor"
              />
            </svg>
          </div>
          Delete
        </div>
      </button>
    </div>
  </div>
</div>
`;
