// Jest Snapshot v1, https://goo.gl/fbAQLP

exports[`<Recap /> should render the component 1`] = `
<article
  class="sc-bwzfXH jNsnLW"
>
  <figure>
    <div
      class="sc-bdVaJa jQHlEe"
    >
      <svg
        aria-hidden="true"
        class="svg-inline--fa fa-suitcase fa-w-16 "
        data-icon="suitcase"
        data-prefix="fas"
        focusable="false"
        role="img"
        viewBox="0 0 512 512"
        xmlns="http://www.w3.org/2000/svg"
      >
        <path
          d="M128 480h256V80c0-26.5-21.5-48-48-48H176c-26.5 0-48 21.5-48 48v400zm64-384h128v32H192V96zm320 80v256c0 26.5-21.5 48-48 48h-48V128h48c26.5 0 48 21.5 48 48zM96 480H48c-26.5 0-48-21.5-48-48V176c0-26.5 21.5-48 48-48h48v352z"
          fill="currentColor"
        />
      </svg>
    </div>
  </figure>
  <section
    class="sc-htpNat cyYjkk"
  >
    <header
      class="sc-bxivhb ePMNDB"
    >
      <h2>
        Sandia National Labs
      </h2>
      <h3>
        <time
          data-testid="recapDateRange"
        >
          <em>
            2016/06/20
             - 
            2017/06/10
          </em>
        </time>
      </h3>
    </header>
    <p>
      Web Developer Intern
    </p>
    <footer>
      Edit
    </footer>
  </section>
</article>
`;
