// Jest Snapshot v1, https://goo.gl/fbAQLP

exports[`<SideProjectsRecap /> should render without error 1`] = `
<div>
  <div
    class="bg-white shadow-md rounded px-8 py-6 p-4 flex extra-recap-class"
    data-testid="sideProjectsRecapTestId"
  >
    <div
      class="flex justify-center items-center p-2 rounded-lg bg-gray-200 recap-icon mr-4"
    >
      <div
        class="font-sans text-3xl text-teal-400"
        id=""
      >
        <svg
          aria-hidden="true"
          class="svg-inline--fa fa-project-diagram fa-w-20 "
          data-icon="project-diagram"
          data-prefix="fas"
          focusable="false"
          role="img"
          viewBox="0 0 640 512"
          xmlns="http://www.w3.org/2000/svg"
        >
          <path
            d="M384 320H256c-17.67 0-32 14.33-32 32v128c0 17.67 14.33 32 32 32h128c17.67 0 32-14.33 32-32V352c0-17.67-14.33-32-32-32zM192 32c0-17.67-14.33-32-32-32H32C14.33 0 0 14.33 0 32v128c0 17.67 14.33 32 32 32h95.72l73.16 128.04C211.98 300.98 232.4 288 256 288h.28L192 175.51V128h224V64H192V32zM608 0H480c-17.67 0-32 14.33-32 32v128c0 17.67 14.33 32 32 32h128c17.67 0 32-14.33 32-32V32c0-17.67-14.33-32-32-32z"
            fill="currentColor"
          />
        </svg>
      </div>
    </div>
    <div
      class="flex-auto"
    >
      <h4
        class="font-mono font-bold text-gray-800 text-xl "
      >
        Zeta Mu Beta Website
      </h4>
      <p
        class="font-sans text-gray-800 text-base "
      >
        By 
        Alfred Lucero and Regine Deguzman
      </p>
      <p
        class="font-sans text-gray-800 text-base italic text-gray-600"
      >
        November 2016
         -
         
        December 2016
      </p>
      <ul
        class="mt-3"
      >
        <li
          class="flex items-center"
        >
          <div
            class="font-sans text-2xl mr-2 text-teal-300"
            id=""
          >
            <svg
              aria-hidden="true"
              class="svg-inline--fa fa-square fa-w-14 "
              data-icon="square"
              data-prefix="fas"
              focusable="false"
              role="img"
              viewBox="0 0 448 512"
              xmlns="http://www.w3.org/2000/svg"
            >
              <path
                d="M400 32H48C21.5 32 0 53.5 0 80v352c0 26.5 21.5 48 48 48h352c26.5 0 48-21.5 48-48V80c0-26.5-21.5-48-48-48z"
                fill="currentColor"
              />
            </svg>
          </div>
          <p
            class="font-sans text-gray-800 text-base pt-1"
          >
            Created fraternity website on www.zetamubeta.org with MEAN stack
          </p>
        </li>
      </ul>
    </div>
    <div
      class="w-1/3 text-right"
    >
      <button
        class="font-bold py-2 px-4 rounded bg-transparent text-teal-700 border border-teal-500 hover:bg-teal-500 hover:text-white hover:border-transparent mr-2"
        id="sideProjectsId"
        type="button"
      >
        <div
          class="flex items-center"
        >
          <div
            class="font-sans text-2xl mr-2"
            id=""
          >
            <svg
              aria-hidden="true"
              class="svg-inline--fa fa-pencil-alt fa-w-16 "
              data-icon="pencil-alt"
              data-prefix="fas"
              focusable="false"
              role="img"
              viewBox="0 0 512 512"
              xmlns="http://www.w3.org/2000/svg"
            >
              <path
                d="M497.9 142.1l-46.1 46.1c-4.7 4.7-12.3 4.7-17 0l-111-111c-4.7-4.7-4.7-12.3 0-17l46.1-46.1c18.7-18.7 49.1-18.7 67.9 0l60.1 60.1c18.8 18.7 18.8 49.1 0 67.9zM284.2 99.8L21.6 362.4.4 483.9c-2.9 16.4 11.4 30.6 27.8 27.8l121.5-21.3 262.6-262.6c4.7-4.7 4.7-12.3 0-17l-111-111c-4.8-4.7-12.4-4.7-17.1 0zM124.1 339.9c-5.5-5.5-5.5-14.3 0-19.8l154-154c5.5-5.5 14.3-5.5 19.8 0s5.5 14.3 0 19.8l-154 154c-5.5 5.5-14.3 5.5-19.8 0zM88 424h48v36.3l-64.5 11.3-31.1-31.1L51.7 376H88v48z"
                fill="currentColor"
              />
            </svg>
          </div>
           Edit
        </div>
      </button>
      <button
        class="font-bold py-2 px-4 rounded font-bold py-2 px-4 rounded bg-red-500 text-white hover:bg-red-700 "
        id="sideProjectsId"
        type="button"
      >
        <div
          class="flex items-center"
        >
          <div
            class="font-sans text-2xl mr-2"
            id=""
          >
            <svg
              aria-hidden="true"
              class="svg-inline--fa fa-trash-alt fa-w-14 "
              data-icon="trash-alt"
              data-prefix="fas"
              focusable="false"
              role="img"
              viewBox="0 0 448 512"
              xmlns="http://www.w3.org/2000/svg"
            >
              <path
                d="M32 464a48 48 0 0 0 48 48h288a48 48 0 0 0 48-48V128H32zm272-256a16 16 0 0 1 32 0v224a16 16 0 0 1-32 0zm-96 0a16 16 0 0 1 32 0v224a16 16 0 0 1-32 0zm-96 0a16 16 0 0 1 32 0v224a16 16 0 0 1-32 0zM432 32H312l-9.4-18.7A24 24 0 0 0 281.1 0H166.8a23.72 23.72 0 0 0-21.4 13.3L136 32H16A16 16 0 0 0 0 48v32a16 16 0 0 0 16 16h416a16 16 0 0 0 16-16V48a16 16 0 0 0-16-16z"
                fill="currentColor"
              />
            </svg>
          </div>
          Delete
        </div>
      </button>
    </div>
  </div>
</div>
`;
